main.c:95:6:setup_tim1	8	static
main.c:110:6:send_data	16	static
main.c:116:6:send_dataPi	16	static
main.c:122:6:setup_uart3	16	static
main.c:151:6:fillbuffer	32	static
main.c:172:5:main	160	static
main.c:336:6:SystemClock_Config	112	static
main.c:381:13:MX_USART1_UART_Init	8	static
main.c:416:13:MX_USART2_UART_Init	8	static
main.c:451:13:MX_USART3_UART_Init	8	static
main.c:484:13:MX_DMA_Init	16	static
main.c:502:13:MX_GPIO_Init	16	static
main.c:519:6:Error_Handler	8	static,ignoring_inline_asm
